******************************************************************************
                  TI ARM Linker Unix v20.2.4                   
******************************************************************************
>> Linked Sun Nov 20 03:41:55 2022

OUTPUT FILE NAME:   <gpio_toggle_output.out>
ENTRY POINT SYMBOL: "_c_int00_noargs"  address: 00000be9


MEMORY CONFIGURATION

         name            origin    length      used     unused   attr    fill
----------------------  --------  ---------  --------  --------  ----  --------
  MAIN                  00000000   00040000  00000fa4  0003f05c  R  X
  INFO                  00200000   00004000  00000000  00004000  R  X
  SRAM_CODE             01000000   00010000  00000000  00010000  RW X
  SRAM_DATA             20000000   00010000  00000234  0000fdcc  RW  


SEGMENT ALLOCATION MAP

run origin  load origin   length   init length attrs members
----------  ----------- ---------- ----------- ----- -------
00000000    00000000    00000fa8   00000fa8    r-x
  00000000    00000000    00000140   00000140    r-- .intvecs
  00000140    00000140    00000cbc   00000cbc    r-x .text
  00000dfc    00000dfc    00000168   00000168    r-- .const
  00000f68    00000f68    00000040   00000040    r-- .cinit
20000000    20000000    00000034   00000000    rw-
  20000000    20000000    00000034   00000000    rw- .data
2000fe00    2000fe00    00000200   00000000    rw-
  2000fe00    2000fe00    00000200   00000000    rw- .stack


SECTION ALLOCATION MAP

 output                                  attributes/
section   page    origin      length       input sections
--------  ----  ----------  ----------   ----------------
.intvecs   0    00000000    00000140     
                  00000000    00000140     startup_msp432p401r_ccs.obj (.intvecs:retain)

.text      0    00000140    00000cbc     
                  00000140    00000328     system_msp432p401r.obj (.text)
                  00000468    000001a0     msp432p4xx_driverlib.lib : pcm.o (.text:__PCM_setPowerStateAdvanced)
                  00000608    00000100     gpio_toggle_output.obj (.text)
                  00000708    000000dc     msp432p4xx_driverlib.lib : pcm.o (.text:__PCM_setPowerModeAdvanced)
                  000007e4    000000b0                              : pcm.o (.text:__PCM_setCoreVoltageLevelAdvanced)
                  00000894    0000009c     rtsv7M4_T_le_v4SPD16_eabi.lib : memcpy_t2.asm.obj (.text)
                  00000930    00000094     msp432p4xx_driverlib.lib : uart.o (.text:UART_initModule)
                  000009c4    0000007c                              : pcm.o (.text:PCM_gotoLPM3)
                  00000a40    00000068     rtsv7M4_T_le_v4SPD16_eabi.lib : copy_decompress_lzss.c.obj (.text:decompress:lzss:__TI_decompress_lzss)
                  00000aa8    00000064     msp432p4xx_driverlib.lib : interrupt.o (.text:Interrupt_enableInterrupt)
                  00000b0c    00000050                              : pcm.o (.text:PCM_shutdownDevice)
                  00000b5c    00000048                              : gpio.o (.text:GPIO_setAsPeripheralModuleFunctionInputPin)
                  00000ba4    00000044     rtsv7M4_T_le_v4SPD16_eabi.lib : autoinit.c.obj (.text:__TI_auto_init_nobinit_nopinit:__TI_auto_init_nobinit_nopinit)
                  00000be8    00000034                                   : boot_cortex_m.c.obj (.text:_c_int00_noargs:_c_int00_noargs)
                  00000c1c    0000002c     msp432p4xx_driverlib.lib : pcm.o (.text:PCM_getCoreVoltageLevel)
                  00000c48    0000002a                              : pcm.o (.text:PCM_getPowerMode)
                  00000c72    00000002     --HOLE-- [fill = 0]
                  00000c74    00000028                              : pcm.o (.text:PCM_gotoLPM0)
                  00000c9c    00000024                              : rtc_c.o (.text:RTC_C_holdClock)
                  00000cc0    00000024                              : uart.o (.text:UART_receiveData)
                  00000ce4    00000024                              : uart.o (.text:UART_transmitData)
                  00000d08    00000018                              : pcm.o (.text:PCM_gotoLPM3InterruptSafe)
                  00000d20    00000018                              : wdt_a.o (.text:WDT_A_holdTimer)
                  00000d38    00000016                              : uart.o (.text:UART_enableInterrupt)
                  00000d4e    00000012     startup_msp432p401r_ccs.obj (.text)
                  00000d60    00000010     msp432p4xx_driverlib.lib : interrupt.o (.text:Interrupt_disableMaster)
                  00000d70    00000010                              : interrupt.o (.text:Interrupt_enableMaster)
                  00000d80    00000010                              : pcm.o (.text:PCM_gotoLPM4)
                  00000d90    00000010     rtsv7M4_T_le_v4SPD16_eabi.lib : toupper.c.obj (.text:toupper)
                  00000da0    0000000e                                   : copy_decompress_none.c.obj (.text:decompress:none:__TI_decompress_none)
                  00000dae    0000000c     msp432p4xx_driverlib.lib : cpu.o (.text:CPU_cpsid)
                  00000dba    0000000c                              : cpu.o (.text:CPU_cpsie)
                  00000dc6    00000002     --HOLE-- [fill = 0]
                  00000dc8    0000000c                              : pcm.o (.text:PCM_getPowerState)
                  00000dd4    0000000c                              : uart.o (.text:UART_enableModule)
                  00000de0    00000008                              : pcm.o (.text:PCM_setPowerMode)
                  00000de8    00000008                              : pcm.o (.text:PCM_setPowerState)
                  00000df0    00000004                              : cpu.o (.text:CPU_wfi)
                  00000df4    00000004     rtsv7M4_T_le_v4SPD16_eabi.lib : pre_init.c.obj (.text:_system_pre_init)
                  00000df8    00000004                                   : exit.c.obj (.text:abort:abort)

.const     0    00000dfc    00000168     
                  00000dfc    00000101     rtsv7M4_T_le_v4SPD16_eabi.lib : ctype.c.obj (.const:.string:_ctypes_)
                  00000efd    00000003     --HOLE-- [fill = 0]
                  00000f00    00000040     msp432p4xx_driverlib.lib : interrupt.o (.const)
                  00000f40    00000024     gpio_toggle_output.obj (.const:uartConfig)

.cinit     0    00000f68    00000040     
                  00000f68    0000002f     (.cinit..data.load) [load image, compression = lzss]
                  00000f97    00000001     --HOLE-- [fill = 0]
                  00000f98    00000008     (__TI_handler_table)
                  00000fa0    00000008     (__TI_cinit_table)

.init_array 
*          0    00000000    00000000     UNINITIALIZED

.data      0    20000000    00000034     UNINITIALIZED
                  20000000    00000030     msp432p4xx_driverlib.lib : gpio.o (.data:GPIO_PORT_TO_BASE)
                  20000030    00000004     system_msp432p401r.obj (.data)

.stack     0    2000fe00    00000200     UNINITIALIZED
                  2000fe00    00000004     rtsv7M4_T_le_v4SPD16_eabi.lib : boot_cortex_m.c.obj (.stack)
                  2000fe04    000001fc     --HOLE--

__llvm_prf_cnts 
*          0    20000000    00000000     UNINITIALIZED

MODULE SUMMARY

       Module                        code   ro data   rw data
       ------                        ----   -------   -------
    ./
       system_msp432p401r.obj        808    0         4      
       startup_msp432p401r_ccs.obj   18     320       0      
       gpio_toggle_output.obj        256    36        0      
    +--+-----------------------------+------+---------+---------+
       Total:                        1082   356       4      
                                                             
    /Applications/CodeComposer/ccs1030/ccs/tools/compiler/ti-cgt-arm_20.2.4.LTS/lib/rtsv7M4_T_le_v4SPD16_eabi.lib
       ctype.c.obj                   0      257       0      
       memcpy_t2.asm.obj             156    0         0      
       copy_decompress_lzss.c.obj    104    0         0      
       autoinit.c.obj                68     0         0      
       boot_cortex_m.c.obj           52     0         0      
       toupper.c.obj                 16     0         0      
       copy_decompress_none.c.obj    14     0         0      
       exit.c.obj                    4      0         0      
       pre_init.c.obj                4      0         0      
    +--+-----------------------------+------+---------+---------+
       Total:                        418    257       0      
                                                             
    /Users/dwdr/Downloads/msp432_driverlib_3_21_00_05/driverlib/MSP432P4xx/ccs/msp432p4xx_driverlib.lib
       pcm.o                         1210   0         0      
       uart.o                        254    0         0      
       interrupt.o                   132    64        0      
       gpio.o                        72     0         48     
       rtc_c.o                       36     0         0      
       cpu.o                         28     0         0      
       wdt_a.o                       24     0         0      
    +--+-----------------------------+------+---------+---------+
       Total:                        1756   64        48     
                                                             
       Stack:                        0      0         512    
       Linker Generated:             0      63        0      
    +--+-----------------------------+------+---------+---------+
       Grand Total:                  3256   740       564    


LINKER GENERATED COPY TABLES

__TI_cinit_table @ 00000fa0 records: 1, size/record: 8, table size: 8
	.data: load addr=00000f68, load size=0000002f bytes, run addr=20000000, run size=00000034 bytes, compression=lzss


LINKER GENERATED HANDLER TABLE

__TI_handler_table @ 00000f98 records: 2, size/record: 4, table size: 8
	index: 0, handler: __TI_decompress_lzss
	index: 1, handler: __TI_decompress_none


GLOBAL SYMBOLS: SORTED ALPHABETICALLY BY Name 

address   name                                      
-------   ----                                      
00000df9  C$$EXIT                                   
00000daf  CPU_cpsid                                 
00000dbb  CPU_cpsie                                 
00000df1  CPU_wfi                                   
00000685  EUSCIA0_IRQHandler                        
00000b5d  GPIO_setAsPeripheralModuleFunctionInputPin
00000d61  Interrupt_disableMaster                   
00000aa9  Interrupt_enableInterrupt                 
00000d71  Interrupt_enableMaster                    
00000c1d  PCM_getCoreVoltageLevel                   
00000c49  PCM_getPowerMode                          
00000dc9  PCM_getPowerState                         
00000c75  PCM_gotoLPM0                              
000009c5  PCM_gotoLPM3                              
00000d09  PCM_gotoLPM3InterruptSafe                 
00000d81  PCM_gotoLPM4                              
00000de1  PCM_setPowerMode                          
00000de9  PCM_setPowerState                         
00000b0d  PCM_shutdownDevice                        
00000c9d  RTC_C_holdClock                           
20000030  SystemCoreClock                           
00000141  SystemCoreClockUpdate                     
000003b5  SystemInit                                
00000d39  UART_enableInterrupt                      
00000dd5  UART_enableModule                         
00000931  UART_initModule                           
00000cc1  UART_receiveData                          
00000ce5  UART_transmitData                         
4000480c  WDTCTL_SYM                                
00000d21  WDT_A_holdTimer                           
20010000  __STACK_END                               
00000200  __STACK_SIZE                              
00000fa0  __TI_CINIT_Base                           
00000fa8  __TI_CINIT_Limit                          
00000f98  __TI_Handler_Table_Base                   
00000fa0  __TI_Handler_Table_Limit                  
00000ba5  __TI_auto_init_nobinit_nopinit            
00000a41  __TI_decompress_lzss                      
00000da1  __TI_decompress_none                      
ffffffff  __TI_pprof_out_hndl                       
ffffffff  __TI_prof_data_size                       
ffffffff  __TI_prof_data_start                      
00000000  __TI_static_base__                        
00000895  __aeabi_memcpy                            
00000895  __aeabi_memcpy4                           
00000895  __aeabi_memcpy8                           
ffffffff  __binit__                                 
ffffffff  __c_args__                                
UNDEFED   __mpu_init                                
2000fe00  __stack                                   
20000000  __start___llvm_prf_cnts                   
20000000  __stop___llvm_prf_cnts                    
00000be9  _c_int00_noargs                           
00000dfc  _ctypes_                                  
UNDEFED   _system_post_cinit                        
00000df5  _system_pre_init                          
00000df9  abort                                     
ffffffff  binit                                     
00000000  interruptVectors                          
00000609  main                                      
00000895  memcpy                                    
00000d91  toupper                                   
00000653  uPrintf                                   
00000f40  uartConfig                                


GLOBAL SYMBOLS: SORTED BY Symbol Address 

address   name                                      
-------   ----                                      
00000000  __TI_static_base__                        
00000000  interruptVectors                          
00000141  SystemCoreClockUpdate                     
00000200  __STACK_SIZE                              
000003b5  SystemInit                                
00000609  main                                      
00000653  uPrintf                                   
00000685  EUSCIA0_IRQHandler                        
00000895  __aeabi_memcpy                            
00000895  __aeabi_memcpy4                           
00000895  __aeabi_memcpy8                           
00000895  memcpy                                    
00000931  UART_initModule                           
000009c5  PCM_gotoLPM3                              
00000a41  __TI_decompress_lzss                      
00000aa9  Interrupt_enableInterrupt                 
00000b0d  PCM_shutdownDevice                        
00000b5d  GPIO_setAsPeripheralModuleFunctionInputPin
00000ba5  __TI_auto_init_nobinit_nopinit            
00000be9  _c_int00_noargs                           
00000c1d  PCM_getCoreVoltageLevel                   
00000c49  PCM_getPowerMode                          
00000c75  PCM_gotoLPM0                              
00000c9d  RTC_C_holdClock                           
00000cc1  UART_receiveData                          
00000ce5  UART_transmitData                         
00000d09  PCM_gotoLPM3InterruptSafe                 
00000d21  WDT_A_holdTimer                           
00000d39  UART_enableInterrupt                      
00000d61  Interrupt_disableMaster                   
00000d71  Interrupt_enableMaster                    
00000d81  PCM_gotoLPM4                              
00000d91  toupper                                   
00000da1  __TI_decompress_none                      
00000daf  CPU_cpsid                                 
00000dbb  CPU_cpsie                                 
00000dc9  PCM_getPowerState                         
00000dd5  UART_enableModule                         
00000de1  PCM_setPowerMode                          
00000de9  PCM_setPowerState                         
00000df1  CPU_wfi                                   
00000df5  _system_pre_init                          
00000df9  C$$EXIT                                   
00000df9  abort                                     
00000dfc  _ctypes_                                  
00000f40  uartConfig                                
00000f98  __TI_Handler_Table_Base                   
00000fa0  __TI_CINIT_Base                           
00000fa0  __TI_Handler_Table_Limit                  
00000fa8  __TI_CINIT_Limit                          
20000000  __start___llvm_prf_cnts                   
20000000  __stop___llvm_prf_cnts                    
20000030  SystemCoreClock                           
2000fe00  __stack                                   
20010000  __STACK_END                               
4000480c  WDTCTL_SYM                                
ffffffff  __TI_pprof_out_hndl                       
ffffffff  __TI_prof_data_size                       
ffffffff  __TI_prof_data_start                      
ffffffff  __binit__                                 
ffffffff  __c_args__                                
ffffffff  binit                                     
UNDEFED   __mpu_init                                
UNDEFED   _system_post_cinit                        

[64 symbols]
