******************************************************************************
                  TI ARM Linker Unix v20.2.4                   
******************************************************************************
>> Linked Tue Nov 29 23:37:17 2022

OUTPUT FILE NAME:   <m5Done.out>
ENTRY POINT SYMBOL: "_c_int00_noargs"  address: 00000b91


MEMORY CONFIGURATION

         name            origin    length      used     unused   attr    fill
----------------------  --------  ---------  --------  --------  ----  --------
  MAIN                  00000000   00040000  00000e38  0003f1c8  R  X
  INFO                  00200000   00004000  00000000  00004000  R  X
  SRAM_CODE             01000000   00010000  00000000  00010000  RW X
  SRAM_DATA             20000000   00010000  00000234  0000fdcc  RW  


SEGMENT ALLOCATION MAP

run origin  load origin   length   init length attrs members
----------  ----------- ---------- ----------- ----- -------
00000000    00000000    00000e38   00000e38    r-x
  00000000    00000000    00000140   00000140    r-- .intvecs
  00000140    00000140    00000c54   00000c54    r-x .text
  00000d94    00000d94    00000064   00000064    r-- .const
  00000df8    00000df8    00000040   00000040    r-- .cinit
20000000    20000000    00000034   00000000    rw-
  20000000    20000000    00000034   00000000    rw- .data
2000fe00    2000fe00    00000200   00000000    rw-
  2000fe00    2000fe00    00000200   00000000    rw- .stack


SECTION ALLOCATION MAP

 output                                  attributes/
section   page    origin      length       input sections
--------  ----  ----------  ----------   ----------------
.intvecs   0    00000000    00000140     
                  00000000    00000140     startup_msp432p401r_ccs.obj (.intvecs:retain)

.text      0    00000140    00000c54     
                  00000140    00000328     system_msp432p401r.obj (.text)
                  00000468    000001a0     msp432p4xx_driverlib.lib : pcm.o (.text:__PCM_setPowerStateAdvanced)
                  00000608    000000dc                              : pcm.o (.text:__PCM_setPowerModeAdvanced)
                  000006e4    000000b0                              : pcm.o (.text:__PCM_setCoreVoltageLevelAdvanced)
                  00000794    000000a8     gpio_input_interrupt.obj (.text)
                  0000083c    0000009c     rtsv7M4_T_le_v4SPD16_eabi.lib : memcpy_t2.asm.obj (.text)
                  000008d8    00000094     msp432p4xx_driverlib.lib : uart.o (.text:UART_initModule)
                  0000096c    0000007c                              : pcm.o (.text:PCM_gotoLPM3)
                  000009e8    00000068     rtsv7M4_T_le_v4SPD16_eabi.lib : copy_decompress_lzss.c.obj (.text:decompress:lzss:__TI_decompress_lzss)
                  00000a50    00000064     msp432p4xx_driverlib.lib : interrupt.o (.text:Interrupt_enableInterrupt)
                  00000ab4    00000050                              : pcm.o (.text:PCM_shutdownDevice)
                  00000b04    00000048                              : gpio.o (.text:GPIO_setAsPeripheralModuleFunctionInputPin)
                  00000b4c    00000044     rtsv7M4_T_le_v4SPD16_eabi.lib : autoinit.c.obj (.text:__TI_auto_init_nobinit_nopinit:__TI_auto_init_nobinit_nopinit)
                  00000b90    00000034                                   : boot_cortex_m.c.obj (.text:_c_int00_noargs:_c_int00_noargs)
                  00000bc4    0000002c     msp432p4xx_driverlib.lib : pcm.o (.text:PCM_getCoreVoltageLevel)
                  00000bf0    0000002a                              : pcm.o (.text:PCM_getPowerMode)
                  00000c1a    00000002     --HOLE-- [fill = 0]
                  00000c1c    00000028                              : pcm.o (.text:PCM_gotoLPM0)
                  00000c44    00000024                              : rtc_c.o (.text:RTC_C_holdClock)
                  00000c68    00000024                              : uart.o (.text:UART_receiveData)
                  00000c8c    00000024                              : uart.o (.text:UART_transmitData)
                  00000cb0    00000018                              : pcm.o (.text:PCM_gotoLPM3InterruptSafe)
                  00000cc8    00000018                              : wdt_a.o (.text:WDT_A_holdTimer)
                  00000ce0    00000016                              : uart.o (.text:UART_enableInterrupt)
                  00000cf6    00000012     startup_msp432p401r_ccs.obj (.text)
                  00000d08    00000010     msp432p4xx_driverlib.lib : interrupt.o (.text:Interrupt_disableMaster)
                  00000d18    00000010                              : interrupt.o (.text:Interrupt_enableMaster)
                  00000d28    00000010                              : pcm.o (.text:PCM_gotoLPM4)
                  00000d38    0000000e     rtsv7M4_T_le_v4SPD16_eabi.lib : copy_decompress_none.c.obj (.text:decompress:none:__TI_decompress_none)
                  00000d46    0000000c     msp432p4xx_driverlib.lib : cpu.o (.text:CPU_cpsid)
                  00000d52    0000000c                              : cpu.o (.text:CPU_cpsie)
                  00000d5e    00000002     --HOLE-- [fill = 0]
                  00000d60    0000000c                              : pcm.o (.text:PCM_getPowerState)
                  00000d6c    0000000c                              : uart.o (.text:UART_enableModule)
                  00000d78    00000008                              : pcm.o (.text:PCM_setPowerMode)
                  00000d80    00000008                              : pcm.o (.text:PCM_setPowerState)
                  00000d88    00000004                              : cpu.o (.text:CPU_wfi)
                  00000d8c    00000004     rtsv7M4_T_le_v4SPD16_eabi.lib : pre_init.c.obj (.text:_system_pre_init)
                  00000d90    00000004                                   : exit.c.obj (.text:abort:abort)

.const     0    00000d94    00000064     
                  00000d94    00000040     msp432p4xx_driverlib.lib : interrupt.o (.const)
                  00000dd4    00000024     gpio_input_interrupt.obj (.const:uartConfig)

.cinit     0    00000df8    00000040     
                  00000df8    0000002f     (.cinit..data.load) [load image, compression = lzss]
                  00000e27    00000001     --HOLE-- [fill = 0]
                  00000e28    00000008     (__TI_handler_table)
                  00000e30    00000008     (__TI_cinit_table)

.init_array 
*          0    00000000    00000000     UNINITIALIZED

.data      0    20000000    00000034     UNINITIALIZED
                  20000000    00000030     msp432p4xx_driverlib.lib : gpio.o (.data:GPIO_PORT_TO_BASE)
                  20000030    00000004     system_msp432p401r.obj (.data)

.stack     0    2000fe00    00000200     UNINITIALIZED
                  2000fe00    00000004     rtsv7M4_T_le_v4SPD16_eabi.lib : boot_cortex_m.c.obj (.stack)
                  2000fe04    000001fc     --HOLE--

__llvm_prf_cnts 
*          0    20000000    00000000     UNINITIALIZED

MODULE SUMMARY

       Module                        code   ro data   rw data
       ------                        ----   -------   -------
    ./
       system_msp432p401r.obj        808    0         4      
       startup_msp432p401r_ccs.obj   18     320       0      
       gpio_input_interrupt.obj      168    36        0      
    +--+-----------------------------+------+---------+---------+
       Total:                        994    356       4      
                                                             
    /Applications/CodeComposer/ccs1030/ccs/tools/compiler/ti-cgt-arm_20.2.4.LTS/lib/rtsv7M4_T_le_v4SPD16_eabi.lib
       memcpy_t2.asm.obj             156    0         0      
       copy_decompress_lzss.c.obj    104    0         0      
       autoinit.c.obj                68     0         0      
       boot_cortex_m.c.obj           52     0         0      
       copy_decompress_none.c.obj    14     0         0      
       exit.c.obj                    4      0         0      
       pre_init.c.obj                4      0         0      
    +--+-----------------------------+------+---------+---------+
       Total:                        402    0         0      
                                                             
    /Users/dwdr/Downloads/msp432_driverlib_3_21_00_05/driverlib/MSP432P4xx/ccs/msp432p4xx_driverlib.lib
       pcm.o                         1210   0         0      
       uart.o                        254    0         0      
       interrupt.o                   132    64        0      
       gpio.o                        72     0         48     
       rtc_c.o                       36     0         0      
       cpu.o                         28     0         0      
       wdt_a.o                       24     0         0      
    +--+-----------------------------+------+---------+---------+
       Total:                        1756   64        48     
                                                             
       Stack:                        0      0         512    
       Linker Generated:             0      63        0      
    +--+-----------------------------+------+---------+---------+
       Grand Total:                  3152   483       564    


LINKER GENERATED COPY TABLES

__TI_cinit_table @ 00000e30 records: 1, size/record: 8, table size: 8
	.data: load addr=00000df8, load size=0000002f bytes, run addr=20000000, run size=00000034 bytes, compression=lzss


LINKER GENERATED HANDLER TABLE

__TI_handler_table @ 00000e28 records: 2, size/record: 4, table size: 8
	index: 0, handler: __TI_decompress_lzss
	index: 1, handler: __TI_decompress_none


GLOBAL SYMBOLS: SORTED ALPHABETICALLY BY Name 

address   name                                      
-------   ----                                      
00000d91  C$$EXIT                                   
00000d47  CPU_cpsid                                 
00000d53  CPU_cpsie                                 
00000d89  CPU_wfi                                   
000007ff  EUSCIA2_IRQHandler                        
00000b05  GPIO_setAsPeripheralModuleFunctionInputPin
00000d09  Interrupt_disableMaster                   
00000a51  Interrupt_enableInterrupt                 
00000d19  Interrupt_enableMaster                    
00000bc5  PCM_getCoreVoltageLevel                   
00000bf1  PCM_getPowerMode                          
00000d61  PCM_getPowerState                         
00000c1d  PCM_gotoLPM0                              
0000096d  PCM_gotoLPM3                              
00000cb1  PCM_gotoLPM3InterruptSafe                 
00000d29  PCM_gotoLPM4                              
00000d79  PCM_setPowerMode                          
00000d81  PCM_setPowerState                         
00000ab5  PCM_shutdownDevice                        
00000c45  RTC_C_holdClock                           
20000030  SystemCoreClock                           
00000141  SystemCoreClockUpdate                     
000003b5  SystemInit                                
00000ce1  UART_enableInterrupt                      
00000d6d  UART_enableModule                         
000008d9  UART_initModule                           
00000c69  UART_receiveData                          
00000c8d  UART_transmitData                         
4000480c  WDTCTL_SYM                                
00000cc9  WDT_A_holdTimer                           
20010000  __STACK_END                               
00000200  __STACK_SIZE                              
00000e30  __TI_CINIT_Base                           
00000e38  __TI_CINIT_Limit                          
00000e28  __TI_Handler_Table_Base                   
00000e30  __TI_Handler_Table_Limit                  
00000b4d  __TI_auto_init_nobinit_nopinit            
000009e9  __TI_decompress_lzss                      
00000d39  __TI_decompress_none                      
ffffffff  __TI_pprof_out_hndl                       
ffffffff  __TI_prof_data_size                       
ffffffff  __TI_prof_data_start                      
00000000  __TI_static_base__                        
0000083d  __aeabi_memcpy                            
0000083d  __aeabi_memcpy4                           
0000083d  __aeabi_memcpy8                           
ffffffff  __binit__                                 
ffffffff  __c_args__                                
UNDEFED   __mpu_init                                
2000fe00  __stack                                   
20000000  __start___llvm_prf_cnts                   
20000000  __stop___llvm_prf_cnts                    
00000b91  _c_int00_noargs                           
UNDEFED   _system_post_cinit                        
00000d8d  _system_pre_init                          
00000d91  abort                                     
ffffffff  binit                                     
00000000  interruptVectors                          
00000795  main                                      
0000083d  memcpy                                    
000007cd  uPrintf                                   
00000dd4  uartConfig                                


GLOBAL SYMBOLS: SORTED BY Symbol Address 

address   name                                      
-------   ----                                      
00000000  __TI_static_base__                        
00000000  interruptVectors                          
00000141  SystemCoreClockUpdate                     
00000200  __STACK_SIZE                              
000003b5  SystemInit                                
00000795  main                                      
000007cd  uPrintf                                   
000007ff  EUSCIA2_IRQHandler                        
0000083d  __aeabi_memcpy                            
0000083d  __aeabi_memcpy4                           
0000083d  __aeabi_memcpy8                           
0000083d  memcpy                                    
000008d9  UART_initModule                           
0000096d  PCM_gotoLPM3                              
000009e9  __TI_decompress_lzss                      
00000a51  Interrupt_enableInterrupt                 
00000ab5  PCM_shutdownDevice                        
00000b05  GPIO_setAsPeripheralModuleFunctionInputPin
00000b4d  __TI_auto_init_nobinit_nopinit            
00000b91  _c_int00_noargs                           
00000bc5  PCM_getCoreVoltageLevel                   
00000bf1  PCM_getPowerMode                          
00000c1d  PCM_gotoLPM0                              
00000c45  RTC_C_holdClock                           
00000c69  UART_receiveData                          
00000c8d  UART_transmitData                         
00000cb1  PCM_gotoLPM3InterruptSafe                 
00000cc9  WDT_A_holdTimer                           
00000ce1  UART_enableInterrupt                      
00000d09  Interrupt_disableMaster                   
00000d19  Interrupt_enableMaster                    
00000d29  PCM_gotoLPM4                              
00000d39  __TI_decompress_none                      
00000d47  CPU_cpsid                                 
00000d53  CPU_cpsie                                 
00000d61  PCM_getPowerState                         
00000d6d  UART_enableModule                         
00000d79  PCM_setPowerMode                          
00000d81  PCM_setPowerState                         
00000d89  CPU_wfi                                   
00000d8d  _system_pre_init                          
00000d91  C$$EXIT                                   
00000d91  abort                                     
00000dd4  uartConfig                                
00000e28  __TI_Handler_Table_Base                   
00000e30  __TI_CINIT_Base                           
00000e30  __TI_Handler_Table_Limit                  
00000e38  __TI_CINIT_Limit                          
20000000  __start___llvm_prf_cnts                   
20000000  __stop___llvm_prf_cnts                    
20000030  SystemCoreClock                           
2000fe00  __stack                                   
20010000  __STACK_END                               
4000480c  WDTCTL_SYM                                
ffffffff  __TI_pprof_out_hndl                       
ffffffff  __TI_prof_data_size                       
ffffffff  __TI_prof_data_start                      
ffffffff  __binit__                                 
ffffffff  __c_args__                                
ffffffff  binit                                     
UNDEFED   __mpu_init                                
UNDEFED   _system_post_cinit                        

[62 symbols]
